Component: Arm Compiler for Embedded 6.24 Tool: armlink [5f371500]

==============================================================================

Section Cross References

    main.o(RESET) refers to main.o(my_code) for Reset_Handler
    main.o(my_code) refers to main.o(my_data) for Fib_Result


==============================================================================

Image Symbol Table

    Local Symbols

    Symbol Name                              Value     Ov Type        Size  Object(Section)

    main.s                                   0x00000000   Number         0  main.o ABSOLUTE
    RESET                                    0x08000000   Section        8  main.o(RESET)
    my_code                                  0x08000008   Section       48  main.o(my_code)
    Fib_Result                               0x20000000   Data         192  main.o(my_data)
    my_data                                  0x20000000   Section      192  main.o(my_data)

    Global Symbols

    Symbol Name                              Value     Ov Type        Size  Object(Section)

    BuildAttributes$$THM_ISAv4$P$D$K$B$S$A:L22UL41UL21$X:L11$S22US41US21$IEEE1$~IW$USESV6$~STKCKD$USESV7$~SHL$OSPACE$EBA8$STANDARDLIB$PRES8$EABIv2 0x00000000   Number         0  anon$$obj.o ABSOLUTE
    __Vectors                                0x08000000   Data           0  main.o(RESET)
    Reset_Handler                            0x08000009   Thumb Code     0  main.o(my_code)



==============================================================================

Memory Map of the image

  Image Entry point : 0x08000009

  Load Region LR_1 (Base: 0x08000000, Size: 0x000000f8, Max: 0xffffffff, ABSOLUTE)

    Execution Region ER_RO (Exec base: 0x08000000, Load base: 0x08000000, Size: 0x00000038, Max: 0xffffffff, ABSOLUTE)

    Exec Addr    Load Addr    Size         Type   Attr      Idx    E Section Name        Object

    0x08000000   0x08000000   0x00000008   Data   RO            1    RESET               main.o
    0x08000008   0x08000008   0x00000030   Code   RO            3  * my_code             main.o


    Execution Region ER_RW (Exec base: 0x20000000, Load base: 0x08000038, Size: 0x000000c0, Max: 0xffffffff, ABSOLUTE)

    Exec Addr    Load Addr    Size         Type   Attr      Idx    E Section Name        Object

    0x20000000   0x08000038   0x000000c0   Data   RW            2    my_data             main.o


    Execution Region ER_ZI (Exec base: 0x200000c0, Load base: 0x080000f8, Size: 0x00000000, Max: 0xffffffff, ABSOLUTE)

    **** No section assigned to this execution region ****


==============================================================================

Image component sizes


      Code (inc. data)   RO Data    RW Data    ZI Data      Debug   Object Name

        48          6          8        192          0        236   main.o

    ----------------------------------------------------------------------
        48          6          8        192          0        236   Object Totals
         0          0          0          0          0          0   (incl. Generated)
         0          0          0          0          0          0   (incl. Padding)

    ----------------------------------------------------------------------
         0          0          0          0          0          0   Library Totals
         0          0          0          0          0          0   (incl. Padding)

    ----------------------------------------------------------------------

==============================================================================


      Code (inc. data)   RO Data    RW Data    ZI Data      Debug   

        48          6          8        192          0        236   Grand Totals
        48          6          8        192          0        236   ELF Image Totals
        48          6          8        192          0          0   ROM Totals

==============================================================================

    Total RO  Size (Code + RO Data)                   56 (   0.05kB)
    Total RW  Size (RW Data + ZI Data)               192 (   0.19kB)
    Total ROM Size (Code + RO Data + RW Data)        248 (   0.24kB)

==============================================================================

